// Jest Snapshot v1, https://goo.gl/fbAQLP

exports[`PageHeading matches snapshot 1`] = `
<DocumentFragment>
  <div
    class="partial-page-heading"
  >
    <div
      class="partial-page-heading-name"
    >
      Partial: PageHeading
    </div>
    <h1>
      Hello, this is a test
    </h1>
  </div>
</DocumentFragment>
`;
